1: keyword 'function'
1: id 'functionName'
1: op lparen '('
1: id 'argName'
1: op colon ':'
1: id 'ArgType'
1: op rparen ')'
1: op colon ':'
1: id 'ResultType'
1: op lcurly '{'
2: id 'body'
2: op semicolon ';'
3: op rcurly '}'
