(plus (lparen (mul 1 (lparen (plus 2 3)))) (lparen (mul 4 5)))
